Component: ARM Compiler 5.06 update 1 (build 61) Tool: armlink [4d35a8]

==============================================================================

Section Cross References

    system_stm32f10x.o(i.SetSysClock) refers to system_stm32f10x.o(i.SetSysClockTo72) for SetSysClockTo72
    system_stm32f10x.o(i.SystemCoreClockUpdate) refers to system_stm32f10x.o(.data) for SystemCoreClock
    system_stm32f10x.o(i.SystemInit) refers to system_stm32f10x.o(i.SetSysClock) for SetSysClock
    startup_stm32f10x_md.o(RESET) refers to startup_stm32f10x_md.o(STACK) for __initial_sp
    startup_stm32f10x_md.o(RESET) refers to startup_stm32f10x_md.o(.text) for Reset_Handler
    startup_stm32f10x_md.o(RESET) refers to stm32f10x_it.o(i.NMI_Handler) for NMI_Handler
    startup_stm32f10x_md.o(RESET) refers to stm32f10x_it.o(i.HardFault_Handler) for HardFault_Handler
    startup_stm32f10x_md.o(RESET) refers to stm32f10x_it.o(i.MemManage_Handler) for MemManage_Handler
    startup_stm32f10x_md.o(RESET) refers to stm32f10x_it.o(i.BusFault_Handler) for BusFault_Handler
    startup_stm32f10x_md.o(RESET) refers to stm32f10x_it.o(i.UsageFault_Handler) for UsageFault_Handler
    startup_stm32f10x_md.o(RESET) refers to stm32f10x_it.o(i.SVC_Handler) for SVC_Handler
    startup_stm32f10x_md.o(RESET) refers to stm32f10x_it.o(i.DebugMon_Handler) for DebugMon_Handler
    startup_stm32f10x_md.o(RESET) refers to stm32f10x_it.o(i.PendSV_Handler) for PendSV_Handler
    startup_stm32f10x_md.o(RESET) refers to time.o(i.SysTick_Handler) for SysTick_Handler
    startup_stm32f10x_md.o(RESET) refers to control.o(i.TIM1_UP_IRQHandler) for TIM1_UP_IRQHandler
    startup_stm32f10x_md.o(RESET) refers to usart.o(i.USART1_IRQHandler) for USART1_IRQHandler
    startup_stm32f10x_md.o(RESET) refers to usart3.o(i.USART3_IRQHandler) for USART3_IRQHandler
    startup_stm32f10x_md.o(.text) refers to system_stm32f10x.o(i.SystemInit) for SystemInit
    startup_stm32f10x_md.o(.text) refers to entry.o(.ARM.Collect$$$$00000000) for __main
    stm32f10x_gpio.o(i.GPIO_AFIODeInit) refers to stm32f10x_rcc.o(i.RCC_APB2PeriphResetCmd) for RCC_APB2PeriphResetCmd
    stm32f10x_gpio.o(i.GPIO_DeInit) refers to stm32f10x_rcc.o(i.RCC_APB2PeriphResetCmd) for RCC_APB2PeriphResetCmd
    stm32f10x_adc.o(i.ADC_DeInit) refers to stm32f10x_rcc.o(i.RCC_APB2PeriphResetCmd) for RCC_APB2PeriphResetCmd
    stm32f10x_bkp.o(i.BKP_DeInit) refers to stm32f10x_rcc.o(i.RCC_BackupResetCmd) for RCC_BackupResetCmd
    stm32f10x_can.o(i.CAN_DeInit) refers to stm32f10x_rcc.o(i.RCC_APB1PeriphResetCmd) for RCC_APB1PeriphResetCmd
    stm32f10x_can.o(i.CAN_GetITStatus) refers to stm32f10x_can.o(i.CheckITStatus) for CheckITStatus
    stm32f10x_cec.o(i.CEC_DeInit) refers to stm32f10x_rcc.o(i.RCC_APB1PeriphResetCmd) for RCC_APB1PeriphResetCmd
    stm32f10x_dac.o(i.DAC_DeInit) refers to stm32f10x_rcc.o(i.RCC_APB1PeriphResetCmd) for RCC_APB1PeriphResetCmd
    stm32f10x_flash.o(i.FLASH_EnableWriteProtection) refers to stm32f10x_flash.o(i.FLASH_WaitForLastOperation) for FLASH_WaitForLastOperation
    stm32f10x_flash.o(i.FLASH_EraseAllBank1Pages) refers to stm32f10x_flash.o(i.FLASH_WaitForLastBank1Operation) for FLASH_WaitForLastBank1Operation
    stm32f10x_flash.o(i.FLASH_EraseAllPages) refers to stm32f10x_flash.o(i.FLASH_WaitForLastOperation) for FLASH_WaitForLastOperation
    stm32f10x_flash.o(i.FLASH_EraseOptionBytes) refers to stm32f10x_flash.o(i.FLASH_GetReadOutProtectionStatus) for FLASH_GetReadOutProtectionStatus
    stm32f10x_flash.o(i.FLASH_EraseOptionBytes) refers to stm32f10x_flash.o(i.FLASH_WaitForLastOperation) for FLASH_WaitForLastOperation
    stm32f10x_flash.o(i.FLASH_ErasePage) refers to stm32f10x_flash.o(i.FLASH_WaitForLastOperation) for FLASH_WaitForLastOperation
    stm32f10x_flash.o(i.FLASH_ProgramHalfWord) refers to stm32f10x_flash.o(i.FLASH_WaitForLastOperation) for FLASH_WaitForLastOperation
    stm32f10x_flash.o(i.FLASH_ProgramOptionByteData) refers to stm32f10x_flash.o(i.FLASH_WaitForLastOperation) for FLASH_WaitForLastOperation
    stm32f10x_flash.o(i.FLASH_ProgramWord) refers to stm32f10x_flash.o(i.FLASH_WaitForLastOperation) for FLASH_WaitForLastOperation
    stm32f10x_flash.o(i.FLASH_ReadOutProtection) refers to stm32f10x_flash.o(i.FLASH_WaitForLastOperation) for FLASH_WaitForLastOperation
    stm32f10x_flash.o(i.FLASH_UserOptionByteConfig) refers to stm32f10x_flash.o(i.FLASH_WaitForLastOperation) for FLASH_WaitForLastOperation
    stm32f10x_flash.o(i.FLASH_WaitForLastBank1Operation) refers to stm32f10x_flash.o(i.FLASH_GetBank1Status) for FLASH_GetBank1Status
    stm32f10x_flash.o(i.FLASH_WaitForLastOperation) refers to stm32f10x_flash.o(i.FLASH_GetBank1Status) for FLASH_GetBank1Status
    stm32f10x_i2c.o(i.I2C_DeInit) refers to stm32f10x_rcc.o(i.RCC_APB1PeriphResetCmd) for RCC_APB1PeriphResetCmd
    stm32f10x_i2c.o(i.I2C_Init) refers to stm32f10x_rcc.o(i.RCC_GetClocksFreq) for RCC_GetClocksFreq
[...]
    OpenMV_Check_Reset                       0x0800240d   Thumb Code    12  openmv.o(i.OpenMV_Check_Reset)
    i.OpenMV_Data_Analysis                   0x08002420   Section        0  openmv.o(i.OpenMV_Data_Analysis)
    OpenMV_Data_Analysis                     0x08002421   Thumb Code   194  openmv.o(i.OpenMV_Data_Analysis)
    i.PA_PO_Task                             0x080024f4   Section        0  gait_task.o(i.PA_PO_Task)
    i.POS_Adjust                             0x08002ac4   Section        0  posture_control.o(i.POS_Adjust)
    i.POS_STAB                               0x08002c50   Section        0  posture_control.o(i.POS_STAB)
    i.PendSV_Handler                         0x08002d34   Section        0  stm32f10x_it.o(i.PendSV_Handler)
    i.RCC_APB1PeriphClockCmd                 0x08002d38   Section        0  stm32f10x_rcc.o(i.RCC_APB1PeriphClockCmd)
    i.RCC_APB1PeriphResetCmd                 0x08002d58   Section        0  stm32f10x_rcc.o(i.RCC_APB1PeriphResetCmd)
    i.RCC_APB2PeriphClockCmd                 0x08002d78   Section        0  stm32f10x_rcc.o(i.RCC_APB2PeriphClockCmd)
    i.RCC_APB2PeriphResetCmd                 0x08002d98   Section        0  stm32f10x_rcc.o(i.RCC_APB2PeriphResetCmd)
    i.RCC_GetClocksFreq                      0x08002db8   Section        0  stm32f10x_rcc.o(i.RCC_GetClocksFreq)
    i.SVC_Handler                            0x08002e8c   Section        0  stm32f10x_it.o(i.SVC_Handler)
    i.Scheduler_Run                          0x08002e90   Section        0  scheduler.o(i.Scheduler_Run)
    i.Scheduler_Setup                        0x08002ee0   Section        0  scheduler.o(i.Scheduler_Setup)
    i.SetSysClock                            0x08002f30   Section        0  system_stm32f10x.o(i.SetSysClock)
    SetSysClock                              0x08002f31   Thumb Code     8  system_stm32f10x.o(i.SetSysClock)
    i.SetSysClockTo72                        0x08002f38   Section        0  system_stm32f10x.o(i.SetSysClockTo72)
    SetSysClockTo72                          0x08002f39   Thumb Code   214  system_stm32f10x.o(i.SetSysClockTo72)
    i.State_Detection                        0x08003018   Section        0  control.o(i.State_Detection)
    i.SysTick_CLKSourceConfig                0x08003180   Section        0  misc.o(i.SysTick_CLKSourceConfig)
    i.SysTick_Configuration                  0x080031a8   Section        0  time.o(i.SysTick_Configuration)
    i.SysTick_GetTick                        0x08003214   Section        0  time.o(i.SysTick_GetTick)
    i.SysTick_Handler                        0x08003220   Section        0  time.o(i.SysTick_Handler)
    i.SystemInit                             0x08003238   Section        0  system_stm32f10x.o(i.SystemInit)
    i.TIM1_UP_IRQHandler                     0x08003298   Section        0  control.o(i.TIM1_UP_IRQHandler)
    i.TIM2_PWM_Init                          0x080032b0   Section        0  pwm.o(i.TIM2_PWM_Init)
    i.TIM3_PWM_Init                          0x0800337c   Section        0  pwm.o(i.TIM3_PWM_Init)
    i.TIM4_PWM_Init                          0x08003464   Section        0  pwm.o(i.TIM4_PWM_Init)
    i.TIM_ARRPreloadConfig                   0x08003530   Section        0  stm32f10x_tim.o(i.TIM_ARRPreloadConfig)
    i.TIM_CONF                               0x08003548   Section        0  time.o(i.TIM_CONF)
    i.TIM_ClearFlag                          0x080035a8   Section        0  stm32f10x_tim.o(i.TIM_ClearFlag)
    i.TIM_ClearITPendingBit                  0x080035ae   Section        0  stm32f10x_tim.o(i.TIM_ClearITPendingBit)
    i.TIM_Cmd                                0x080035b4   Section        0  stm32f10x_tim.o(i.TIM_Cmd)
    i.TIM_CtrlPWMOutputs                     0x080035cc   Section        0  stm32f10x_tim.o(i.TIM_CtrlPWMOutputs)
    i.TIM_DeInit                             0x080035ec   Section        0  stm32f10x_tim.o(i.TIM_DeInit)
    i.TIM_GetITStatus                        0x080037d4   Section        0  stm32f10x_tim.o(i.TIM_GetITStatus)
    i.TIM_INIT                               0x080037f6   Section        0  time.o(i.TIM_INIT)
    i.TIM_ITConfig                           0x0800380a   Section        0  stm32f10x_tim.o(i.TIM_ITConfig)
    i.TIM_NVIC                               0x0800381c   Section        0  time.o(i.TIM_NVIC)
    i.TIM_OC1Init                            0x0800383c   Section        0  stm32f10x_tim.o(i.TIM_OC1Init)
    i.TIM_OC1PreloadConfig                   0x080038d4   Section        0  stm32f10x_tim.o(i.TIM_OC1PreloadConfig)
    i.TIM_OC2Init                            0x080038e8   Section        0  stm32f10x_tim.o(i.TIM_OC2Init)
    i.TIM_OC2PreloadConfig                   0x0800398c   Section        0  stm32f10x_tim.o(i.TIM_OC2PreloadConfig)
    i.TIM_OC3Init                            0x080039a8   Section        0  stm32f10x_tim.o(i.TIM_OC3Init)
    i.TIM_OC3PreloadConfig                   0x08003a48   Section        0  stm32f10x_tim.o(i.TIM_OC3PreloadConfig)
    i.TIM_OC4Init                            0x08003a5c   Section        0  stm32f10x_tim.o(i.TIM_OC4Init)
    i.TIM_OC4PreloadConfig                   0x08003ad8   Section        0  stm32f10x_tim.o(i.TIM_OC4PreloadConfig)
    i.TIM_SetCompare1                        0x08003af2   Section        0  stm32f10x_tim.o(i.TIM_SetCompare1)
    i.TIM_SetCompare2                        0x08003af6   Section        0  stm32f10x_tim.o(i.TIM_SetCompare2)
    i.TIM_SetCompare3                        0x08003afa   Section        0  stm32f10x_tim.o(i.TIM_SetCompare3)
    i.TIM_SetCompare4                        0x08003afe   Section        0  stm32f10x_tim.o(i.TIM_SetCompare4)
    i.TIM_TimeBaseInit                       0x08003b04   Section        0  stm32f10x_tim.o(i.TIM_TimeBaseInit)
    i.Turn_Left_Task                         0x08003ba8   Section        0  gait_task.o(i.Turn_Left_Task)
    i.Turn_Right_Task                        0x08003c68   Section        0  gait_task.o(i.Turn_Right_Task)
    i.USART1_IRQHandler                      0x08003d28   Section        0  usart.o(i.USART1_IRQHandler)
    i.USART3_IRQHandler                      0x08003db0   Section        0  usart3.o(i.USART3_IRQHandler)
    i.USART_ClearITPendingBit                0x08003e48   Section        0  stm32f10x_usart.o(i.USART_ClearITPendingBit)
    i.USART_Cmd                              0x08003e66   Section        0  stm32f10x_usart.o(i.USART_Cmd)
    i.USART_GetFlagStatus                    0x08003e7e   Section        0  stm32f10x_usart.o(i.USART_GetFlagStatus)
    i.USART_GetITStatus                      0x08003e98   Section        0  stm32f10x_usart.o(i.USART_GetITStatus)
    i.USART_ITConfig                         0x08003eec   Section        0  stm32f10x_usart.o(i.USART_ITConfig)
    i.USART_Init                             0x08003f38   Section        0  stm32f10x_usart.o(i.USART_Init)
    i.USART_ReceiveData                      0x08004010   Section        0  stm32f10x_usart.o(i.USART_ReceiveData)
    i.USART_SendData                         0x0800401a   Section        0  stm32f10x_usart.o(i.USART_SendData)
    i.Uart1_Put_Buf                          0x08004024   Section        0  usart.o(i.Uart1_Put_Buf)
    i.UsageFault_Handler                     0x08004070   Section        0  stm32f10x_it.o(i.UsageFault_Handler)
    i.Usart3_Init                            0x08004074   Section        0  usart3.o(i.Usart3_Init)
    i.__0printf$5                            0x08004130   Section        0  printf5.o(i.__0printf$5)
    i.__ARM_fpclassify                       0x08004150   Section        0  fpclassify.o(i.__ARM_fpclassify)
    i.__ieee754_rem_pio2                     0x08004178   Section        0  rred.o(i.__ieee754_rem_pio2)
    i.__kernel_cos                           0x08004500   Section        0  cos_i.o(i.__kernel_cos)
    i.__kernel_poly                          0x080045fc   Section        0  poly.o(i.__kernel_poly)
    i.__kernel_sin                           0x080046a8   Section        0  sin_i.o(i.__kernel_sin)
    i.__mathlib_dbl_infnan                   0x08004794   Section        0  dunder.o(i.__mathlib_dbl_infnan)
    i.__mathlib_dbl_infnan2                  0x0800479a   Section        0  dunder.o(i.__mathlib_dbl_infnan2)
    i.__mathlib_dbl_invalid                  0x0800479e   Section        0  dunder.o(i.__mathlib_dbl_invalid)
    i.__mathlib_dbl_underflow                0x080047ac   Section        0  dunder.o(i.__mathlib_dbl_underflow)
    i.__scatterload_copy                     0x080047bc   Section       14  handlers.o(i.__scatterload_copy)
    i.__scatterload_null                     0x080047ca   Section        2  handlers.o(i.__scatterload_null)
    i.__scatterload_zeroinit                 0x080047cc   Section       14  handlers.o(i.__scatterload_zeroinit)
    i.__set_errno                            0x080047dc   Section        0  errno.o(i.__set_errno)
    i._printf_core                           0x080047e8   Section        0  printf5.o(i._printf_core)
    _printf_core                             0x080047e9   Thumb Code   658  printf5.o(i._printf_core)
    i.acos                                   0x08004aa8   Section        0  acos.o(i.acos)
    i.atan                                   0x08004d24   Section        0  atan.o(i.atan)
    i.atan2                                  0x08004f44   Section        0  atan2.o(i.atan2)
    i.caculate                               0x080050c4   Section        0  calculate.o(i.caculate)
    i.cal_ges                                0x08005bf0   Section        0  posture_control.o(i.cal_ges)
    i.contorl_1_leg                          0x08006e40   Section        0  gait.o(i.contorl_1_leg)
    i.contorl_2_leg                          0x08006e50   Section        0  gait.o(i.contorl_2_leg)
    i.contorl_3_leg                          0x08006e60   Section        0  gait.o(i.contorl_3_leg)
    i.contorl_4_leg                          0x08006e70   Section        0  gait.o(i.contorl_4_leg)
    i.cos                                    0x08006e80   Section        0  cos.o(i.cos)
    i.data_config                            0x08006f1c   Section        0  config.o(i.data_config)
    i.fputc                                  0x080070e0   Section        0  usart.o(i.fputc)
    i.init_config                            0x08007104   Section        0  config.o(i.init_config)
    i.main                                   0x08007140   Section        0  main.o(i.main)
    i.my_pows                                0x08007150   Section        0  my_math.o(i.my_pows)
    i.oled_show                              0x08007168   Section        0  show.o(i.oled_show)
    i.position                               0x0800728c   Section        0  servo.o(i.position)
    i.pwm_servo_init                         0x08007608   Section        0  servo.o(i.pwm_servo_init)
    i.servo_output                           0x0800762c   Section        0  calculate.o(i.servo_output)
    i.sin                                    0x080077dc   Section        0  sin.o(i.sin)
    i.sqrt                                   0x0800787c   Section        0  sqrt.o(i.sqrt)
    i.stand                                  0x080078c8   Section        0  gait.o(i.stand)
    i.sys_time                               0x0800790c   Section        0  time.o(i.sys_time)
    i.trot_XZ                                0x0800791c   Section        0  gait.o(i.trot_XZ)
    i.trot_YZ                                0x08008fcc   Section        0  gait.o(i.trot_YZ)
    i.uart_init                              0x08009a54   Section        0  usart.o(i.uart_init)
    i.walk_XZ                                0x08009af4   Section        0  gait.o(i.walk_XZ)
    i.walk_YZ                                0x0800a90c   Section        0  gait.o(i.walk_YZ)
    .constdata                               0x0800b734   Section     2660  oled.o(.constdata)
    .constdata                               0x0800c198   Section       80  acos.o(.constdata)
    pS                                       0x0800c198   Data          48  acos.o(.constdata)
    qS                                       0x0800c1c8   Data          32  acos.o(.constdata)
    .constdata                               0x0800c1e8   Section      152  atan.o(.constdata)
    atanhi                                   0x0800c1e8   Data          32  atan.o(.constdata)
    atanlo                                   0x0800c208   Data          32  atan.o(.constdata)
    aTodd                                    0x0800c228   Data          40  atan.o(.constdata)
    aTeven                                   0x0800c250   Data          48  atan.o(.constdata)
    .constdata                               0x0800c280   Section       48  cos_i.o(.constdata)
    C                                        0x0800c280   Data          48  cos_i.o(.constdata)
    .constdata                               0x0800c2b0   Section        8  qnan.o(.constdata)
    .constdata                               0x0800c2b8   Section      200  rred.o(.constdata)
    pio2s                                    0x0800c2b8   Data          48  rred.o(.constdata)
    twooverpi                                0x0800c2e8   Data         152  rred.o(.constdata)
    .constdata                               0x0800c380   Section       40  sin_i.o(.constdata)
    S                                        0x0800c380   Data          40  sin_i.o(.constdata)
    .data                                    0x20000000   Section       20  system_stm32f10x.o(.data)
    .data                                    0x20000014   Section       20  stm32f10x_rcc.o(.data)
    APBAHBPrescTable                         0x20000014   Data          16  stm32f10x_rcc.o(.data)
    ADCPrescTable                            0x20000024   Data           4  stm32f10x_rcc.o(.data)
    .data                                    0x20000028   Section      256  filter.o(.data)
    .data                                    0x20000128   Section       10  openmv.o(.data)
    len                                      0x20000130   Data           1  openmv.o(.data)
    rec_sta                                  0x20000131   Data           1  openmv.o(.data)
    .data                                    0x20000134   Section        8  time.o(.data)
    .data                                    0x2000013c   Section        3  usart.o(.data)
    TxCounter                                0x2000013d   Data           1  usart.o(.data)
    Usart1_count                             0x2000013e   Data           1  usart.o(.data)
    .data                                    0x2000013f   Section        3  usart3.o(.data)
    Tx3Counter                               0x20000140   Data           1  usart3.o(.data)
    Tx3count                                 0x20000141   Data           1  usart3.o(.data)
    .data                                    0x20000144   Section       64  config.o(.data)
    .data                                    0x20000184   Section        2  control.o(.data)
    .data                                    0x20000188   Section      128  gait.o(.data)
    .data                                    0x20000208   Section       20  posture_control.o(.data)
    .data                                    0x2000021c   Section      104  scheduler.o(.data)
    sched_tasks                              0x20000224   Data          96  scheduler.o(.data)
    .data                                    0x20000284   Section        4  stdout.o(.data)
    .data                                    0x20000288   Section        4  errno.o(.data)
    _errno                                   0x20000288   Data           4  errno.o(.data)
    .bss                                     0x2000028c   Section      100  dt.o(.bss)
    .bss                                     0x200002f0   Section       48  filter.o(.bss)
    .bss                                     0x20000320   Section       14  mpu6050.o(.bss)
    .bss                                     0x2000032e   Section     1024  oled.o(.bss)
    .bss                                     0x2000072e   Section       46  openmv.o(.bss)
    .bss                                     0x2000075c   Section      256  usart.o(.bss)
    TxBuffer                                 0x2000075c   Data         256  usart.o(.bss)
    .bss                                     0x2000085c   Section      256  usart3.o(.bss)
    Tx3Buffer                                0x2000085c   Data         256  usart3.o(.bss)
    .bss                                     0x2000095c   Section      480  config.o(.bss)
    .bss                                     0x20000b3c   Section       36  scheduler.o(.bss)
    STACK                                    0x20000b60   Section     1024  startup_stm32f10x_md.o(STACK)

    Global Symbols

    Symbol Name                              Value     Ov Type        Size  Object(Section)

    BuildAttributes$$THM_ISAv4$P$D$K$B$S$PE$A:L22UL41UL21$X:L11$S22US41US21$IEEE1$IW$USESV6$~STKCKD$USESV7$~SHL$OTIME$ROPI$IEEEX$EBA8$MICROLIB$REQ8$PRES8$EABIv2 0x00000000   Number         0  anon$$obj.o ABSOLUTE
    __ARM_use_no_argv                        0x00000000   Number         0  main.o ABSOLUTE
    _printf_a                                0x00000000   Number         0  stubs.o ABSOLUTE
    _printf_c                                0x00000000   Number         0  stubs.o ABSOLUTE
    _printf_charcount                        0x00000000   Number         0  stubs.o ABSOLUTE
    _printf_d                                0x00000000   Number         0  stubs.o ABSOLUTE
    _printf_e                                0x00000000   Number         0  stubs.o ABSOLUTE
    _printf_f                                0x00000000   Number         0  stubs.o ABSOLUTE
    _printf_flags                            0x00000000   Number         0  stubs.o ABSOLUTE
    _printf_fp_dec                           0x00000000   Number         0  stubs.o ABSOLUTE
    _printf_fp_hex                           0x00000000   Number         0  stubs.o ABSOLUTE
    _printf_g                                0x00000000   Number         0  stubs.o ABSOLUTE
    _printf_i                                0x00000000   Number         0  stubs.o ABSOLUTE
    _printf_int_dec                          0x00000000   Number         0  stubs.o ABSOLUTE
    _printf_l                                0x00000000   Number         0  stubs.o ABSOLUTE
    _printf_lc                               0x00000000   Number         0  stubs.o ABSOLUTE
    _printf_ll                               0x00000000   Number         0  stubs.o ABSOLUTE
    _printf_lld                              0x00000000   Number         0  stubs.o ABSOLUTE
    _printf_lli                              0x00000000   Number         0  stubs.o ABSOLUTE
    _printf_llo                              0x00000000   Number         0  stubs.o ABSOLUTE
    _printf_llu                              0x00000000   Number         0  stubs.o ABSOLUTE
    _printf_llx                              0x00000000   Number         0  stubs.o ABSOLUTE
    _printf_longlong_dec                     0x00000000   Number         0  stubs.o ABSOLUTE
    _printf_longlong_hex                     0x00000000   Number         0  stubs.o ABSOLUTE
    _printf_longlong_oct                     0x00000000   Number         0  stubs.o ABSOLUTE
    _printf_ls                               0x00000000   Number         0  stubs.o ABSOLUTE
    _printf_mbtowc                           0x00000000   Number         0  stubs.o ABSOLUTE
    _printf_n                                0x00000000   Number         0  stubs.o ABSOLUTE
    _printf_o                                0x00000000   Number         0  stubs.o ABSOLUTE
    _printf_p                                0x00000000   Number         0  stubs.o ABSOLUTE
    _printf_percent                          0x00000000   Number         0  stubs.o ABSOLUTE
    _printf_pre_padding                      0x00000000   Number         0  stubs.o ABSOLUTE
    _printf_return_value                     0x00000000   Number         0  stubs.o ABSOLUTE
    _printf_s                                0x00000000   Number         0  stubs.o ABSOLUTE
    _printf_sizespec                         0x00000000   Number         0  stubs.o ABSOLUTE
    _printf_str                              0x00000000   Number         0  stubs.o ABSOLUTE
    _printf_truncate_signed                  0x00000000   Number         0  stubs.o ABSOLUTE
    _printf_truncate_unsigned                0x00000000   Number         0  stubs.o ABSOLUTE
    _printf_u                                0x00000000   Number         0  stubs.o ABSOLUTE
    _printf_wc                               0x00000000   Number         0  stubs.o ABSOLUTE
    _printf_wctomb                           0x00000000   Number         0  stubs.o ABSOLUTE
    _printf_widthprec                        0x00000000   Number         0  stubs.o ABSOLUTE
    _printf_x                                0x00000000   Number         0  stubs.o ABSOLUTE
    __cpp_initialize__aeabi_                  - Undefined Weak Reference
    __cxa_finalize                            - Undefined Weak Reference
    _clock_init                               - Undefined Weak Reference
    _microlib_exit                            - Undefined Weak Reference
    __Vectors_Size                           0x000000ec   Number         0  startup_stm32f10x_md.o ABSOLUTE
    __Vectors                                0x08000000   Data           4  startup_stm32f10x_md.o(RESET)
    __Vectors_End                            0x080000ec   Data           0  startup_stm32f10x_md.o(RESET)
    __main                                   0x080000ed   Thumb Code     0  entry.o(.ARM.Collect$$$$00000000)
    _main_stk                                0x080000ed   Thumb Code     0  entry2.o(.ARM.Collect$$$$00000001)
    _main_scatterload                        0x080000f1   Thumb Code     0  entry5.o(.ARM.Collect$$$$00000004)
    __main_after_scatterload                 0x080000f5   Thumb Code     0  entry5.o(.ARM.Collect$$$$00000004)
    _main_clock                              0x080000f5   Thumb Code     0  entry7b.o(.ARM.Collect$$$$00000008)
    _main_cpp_init                           0x080000f5   Thumb Code     0  entry8b.o(.ARM.Collect$$$$0000000A)
    _main_init                               0x080000f5   Thumb Code     0  entry9a.o(.ARM.Collect$$$$0000000B)
    __rt_final_cpp                           0x080000fd   Thumb Code     0  entry10a.o(.ARM.Collect$$$$0000000D)
    __rt_final_exit                          0x080000fd   Thumb Code     0  entry11a.o(.ARM.Collect$$$$0000000F)
    Reset_Handler                            0x08000101   Thumb Code     8  startup_stm32f10x_md.o(.text)
    ADC1_2_IRQHandler                        0x0800011b   Thumb Code     0  startup_stm32f10x_md.o(.text)
    CAN1_RX1_IRQHandler                      0x0800011b   Thumb Code     0  startup_stm32f10x_md.o(.text)
    CAN1_SCE_IRQHandler                      0x0800011b   Thumb Code     0  startup_stm32f10x_md.o(.text)
    DMA1_Channel1_IRQHandler                 0x0800011b   Thumb Code     0  startup_stm32f10x_md.o(.text)
    DMA1_Channel2_IRQHandler                 0x0800011b   Thumb Code     0  startup_stm32f10x_md.o(.text)
    DMA1_Channel3_IRQHandler                 0x0800011b   Thumb Code     0  startup_stm32f10x_md.o(.text)
    DMA1_Channel4_IRQHandler                 0x0800011b   Thumb Code     0  startup_stm32f10x_md.o(.text)
    DMA1_Channel5_IRQHandler                 0x0800011b   Thumb Code     0  startup_stm32f10x_md.o(.text)
    DMA1_Channel6_IRQHandler                 0x0800011b   Thumb Code     0  startup_stm32f10x_md.o(.text)
    DMA1_Channel7_IRQHandler                 0x0800011b   Thumb Code     0  startup_stm32f10x_md.o(.text)
    EXTI0_IRQHandler                         0x0800011b   Thumb Code     0  startup_stm32f10x_md.o(.text)
    EXTI15_10_IRQHandler                     0x0800011b   Thumb Code     0  startup_stm32f10x_md.o(.text)
    EXTI1_IRQHandler                         0x0800011b   Thumb Code     0  startup_stm32f10x_md.o(.text)
    EXTI2_IRQHandler                         0x0800011b   Thumb Code     0  startup_stm32f10x_md.o(.text)
    EXTI3_IRQHandler                         0x0800011b   Thumb Code     0  startup_stm32f10x_md.o(.text)
    EXTI4_IRQHandler                         0x0800011b   Thumb Code     0  startup_stm32f10x_md.o(.text)
    EXTI9_5_IRQHandler                       0x0800011b   Thumb Code     0  startup_stm32f10x_md.o(.text)
    FLASH_IRQHandler                         0x0800011b   Thumb Code     0  startup_stm32f10x_md.o(.text)
    I2C1_ER_IRQHandler                       0x0800011b   Thumb Code     0  startup_stm32f10x_md.o(.text)
    I2C1_EV_IRQHandler                       0x0800011b   Thumb Code     0  startup_stm32f10x_md.o(.text)
    I2C2_ER_IRQHandler                       0x0800011b   Thumb Code     0  startup_stm32f10x_md.o(.text)
    I2C2_EV_IRQHandler                       0x0800011b   Thumb Code     0  startup_stm32f10x_md.o(.text)
    PVD_IRQHandler                           0x0800011b   Thumb Code     0  startup_stm32f10x_md.o(.text)
    RCC_IRQHandler                           0x0800011b   Thumb Code     0  startup_stm32f10x_md.o(.text)
    RTCAlarm_IRQHandler                      0x0800011b   Thumb Code     0  startup_stm32f10x_md.o(.text)
    RTC_IRQHandler                           0x0800011b   Thumb Code     0  startup_stm32f10x_md.o(.text)
    SPI1_IRQHandler                          0x0800011b   Thumb Code     0  startup_stm32f10x_md.o(.text)
    SPI2_IRQHandler                          0x0800011b   Thumb Code     0  startup_stm32f10x_md.o(.text)
    TAMPER_IRQHandler                        0x0800011b   Thumb Code     0  startup_stm32f10x_md.o(.text)
    TIM1_BRK_IRQHandler                      0x0800011b   Thumb Code     0  startup_stm32f10x_md.o(.text)
    TIM1_CC_IRQHandler                       0x0800011b   Thumb Code     0  startup_stm32f10x_md.o(.text)
    TIM1_TRG_COM_IRQHandler                  0x0800011b   Thumb Code     0  startup_stm32f10x_md.o(.text)
    TIM2_IRQHandler                          0x0800011b   Thumb Code     0  startup_stm32f10x_md.o(.text)
    TIM3_IRQHandler                          0x0800011b   Thumb Code     0  startup_stm32f10x_md.o(.text)
    TIM4_IRQHandler                          0x0800011b   Thumb Code     0  startup_stm32f10x_md.o(.text)
    USART2_IRQHandler                        0x0800011b   Thumb Code     0  startup_stm32f10x_md.o(.text)
    USBWakeUp_IRQHandler                     0x0800011b   Thumb Code     0  startup_stm32f10x_md.o(.text)
    USB_HP_CAN1_TX_IRQHandler                0x0800011b   Thumb Code     0  startup_stm32f10x_md.o(.text)
    USB_LP_CAN1_RX0_IRQHandler               0x0800011b   Thumb Code     0  startup_stm32f10x_md.o(.text)
    WWDG_IRQHandler                          0x0800011b   Thumb Code     0  startup_stm32f10x_md.o(.text)
    __aeabi_fadd                             0x08000125   Thumb Code   164  fadd.o(.text)
    __aeabi_fsub                             0x080001c9   Thumb Code     6  fadd.o(.text)
    __aeabi_frsub                            0x080001cf   Thumb Code     6  fadd.o(.text)
    __aeabi_fmul                             0x080001d5   Thumb Code   100  fmul.o(.text)
    __aeabi_fdiv                             0x08000239   Thumb Code   124  fdiv.o(.text)
    __aeabi_dadd                             0x080002b5   Thumb Code   322  dadd.o(.text)
    __aeabi_dsub                             0x080003f7   Thumb Code     6  dadd.o(.text)
    __aeabi_drsub                            0x080003fd   Thumb Code     6  dadd.o(.text)
    __aeabi_dmul                             0x08000403   Thumb Code   228  dmul.o(.text)
    __aeabi_ddiv                             0x080004e7   Thumb Code   222  ddiv.o(.text)
    __aeabi_i2f                              0x080005c5   Thumb Code    18  fflti.o(.text)
    __aeabi_i2d                              0x080005d7   Thumb Code    34  dflti.o(.text)
    __aeabi_f2iz                             0x080005f9   Thumb Code    50  ffixi.o(.text)
    __aeabi_f2uiz                            0x0800062b   Thumb Code    40  ffixui.o(.text)
    __aeabi_d2uiz                            0x08000653   Thumb Code    50  dfixui.o(.text)
    __aeabi_f2d                              0x08000685   Thumb Code    38  f2d.o(.text)
    __aeabi_cdcmpeq                          0x080006ad   Thumb Code     0  cdcmple.o(.text)
    __aeabi_cdcmple                          0x080006ad   Thumb Code    48  cdcmple.o(.text)
    __aeabi_d2f                              0x080006dd   Thumb Code    56  d2f.o(.text)
    __aeabi_cfcmpeq                          0x08000715   Thumb Code     0  cfcmple.o(.text)
    __aeabi_cfcmple                          0x08000715   Thumb Code    20  cfcmple.o(.text)
    __aeabi_cfrcmple                         0x08000729   Thumb Code    20  cfrcmple.o(.text)
    __aeabi_uldivmod                         0x0800073d   Thumb Code    98  uldiv.o(.text)
    __aeabi_llsl                             0x0800079f   Thumb Code    30  llshl.o(.text)
    _ll_shift_l                              0x0800079f   Thumb Code     0  llshl.o(.text)
    __aeabi_llsr                             0x080007bd   Thumb Code    32  llushr.o(.text)
    _ll_ushift_r                             0x080007bd   Thumb Code     0  llushr.o(.text)
    __aeabi_lasr                             0x080007dd   Thumb Code    36  llsshr.o(.text)
    _ll_sshift_r                             0x080007dd   Thumb Code     0  llsshr.o(.text)
    __I$use$fp                               0x08000801   Thumb Code     0  iusefp.o(.text)
    _float_round                             0x08000801   Thumb Code    18  fepilogue.o(.text)
    _float_epilogue                          0x08000813   Thumb Code    92  fepilogue.o(.text)
    _double_round                            0x0800086f   Thumb Code    30  depilogue.o(.text)
    _double_epilogue                         0x0800088d   Thumb Code   156  depilogue.o(.text)
    __ARM_scalbn                             0x08000929   Thumb Code    46  dscalb.o(.text)
    scalbn                                   0x08000929   Thumb Code     0  dscalb.o(.text)
    _dsqrt                                   0x08000957   Thumb Code   162  dsqrt.o(.text)
    __scatterload                            0x080009f9   Thumb Code    28  init.o(.text)
    __scatterload_rt2                        0x080009f9   Thumb Code     0  init.o(.text)
    __aeabi_ui2d                             0x08000a1d   Thumb Code    26  dfltui.o(.text)
    __aeabi_d2iz                             0x08000a37   Thumb Code    62  dfixi.o(.text)
    __decompress                             0x08000a75   Thumb Code     0  __dczerorl2.o(.text)
    __decompress1                            0x08000a75   Thumb Code    86  __dczerorl2.o(.text)
    BusFault_Handler                         0x08000acb   Thumb Code     4  stm32f10x_it.o(i.BusFault_Handler)
    DOG_CONTROL                              0x08000ad1   Thumb Code   246  control.o(i.DOG_CONTROL)
    DT_Send03                                0x08000bd1   Thumb Code   226  dt.o(i.DT_Send03)
    DebugMon_Handler                         0x08000cb9   Thumb Code     2  stm32f10x_it.o(i.DebugMon_Handler)
    Delay_ms                                 0x08000cbb   Thumb Code    24  time.o(i.Delay_ms)
    Delay_us                                 0x08000cd3   Thumb Code    24  time.o(i.Delay_us)
    Dog_Start                                0x08000ced   Thumb Code    22  gait_task.o(i.Dog_Start)
    Filter_Get_Angle                         0x08000d09   Thumb Code   694  filter.o(i.Filter_Get_Angle)
    GPIO_Init                                0x08000fdd   Thumb Code   278  stm32f10x_gpio.o(i.GPIO_Init)
    GPIO_PinRemapConfig                      0x080010f5   Thumb Code   138  stm32f10x_gpio.o(i.GPIO_PinRemapConfig)
    GetSysTime_us                            0x08001185   Thumb Code    58  time.o(i.GetSysTime_us)
    Get_Position                             0x080011c5   Thumb Code   200  control.o(i.Get_Position)
    HardFault_Handler                        0x08001299   Thumb Code     4  stm32f10x_it.o(i.HardFault_Handler)
    Kalman_Filter_X                          0x0800129d   Thumb Code   570  filter.o(i.Kalman_Filter_X)
    Kalman_Filter_Y                          0x08001521   Thumb Code   570  filter.o(i.Kalman_Filter_Y)
    LED_Init                                 0x080017a5   Thumb Code    76  led.o(i.LED_Init)
    MPU6050_INT_Disabled                     0x08001893   Thumb Code    18  mpu6050.o(i.MPU6050_INT_Disabled)
    MPU6050_initialize                       0x080018a5   Thumb Code    84  mpu6050.o(i.MPU6050_initialize)
    MPU6050_resetEnabled                     0x080018f9   Thumb Code    24  mpu6050.o(i.MPU6050_resetEnabled)
    MPU6050_setClockSource                   0x08001911   Thumb Code    20  mpu6050.o(i.MPU6050_setClockSource)
    MPU6050_setFullScaleAccelRange           0x08001925   Thumb Code    20  mpu6050.o(i.MPU6050_setFullScaleAccelRange)
    MPU6050_setFullScaleGyroRange            0x08001939   Thumb Code    20  mpu6050.o(i.MPU6050_setFullScaleGyroRange)
    MPU6050_setI2CBypassEnabled              0x0800194d   Thumb Code    18  mpu6050.o(i.MPU6050_setI2CBypassEnabled)
    MPU6050_setI2CMasterModeEnabled          0x0800195f   Thumb Code    18  mpu6050.o(i.MPU6050_setI2CMasterModeEnabled)
    MPU6050_setSleepEnabled                  0x08001971   Thumb Code    18  mpu6050.o(i.MPU6050_setSleepEnabled)
    MPU6050_set_Gyro_Accel_outRange          0x08001983   Thumb Code    20  mpu6050.o(i.MPU6050_set_Gyro_Accel_outRange)
    MPU6050_set_Gyro_DLPF_outRange           0x08001997   Thumb Code    20  mpu6050.o(i.MPU6050_set_Gyro_DLPF_outRange)
    MPU6050_set_SMPRT_DIV                    0x080019ab   Thumb Code    16  mpu6050.o(i.MPU6050_set_SMPRT_DIV)
    MPU6050_testConnection                   0x080019bd   Thumb Code    44  mpu6050.o(i.MPU6050_testConnection)
    MPU_I2C_ReadOneByte                      0x08001a0d   Thumb Code    76  mpuiic.o(i.MPU_I2C_ReadOneByte)
    MPU_IIC_Ack                              0x08001a59   Thumb Code    64  mpuiic.o(i.MPU_IIC_Ack)
    MPU_IIC_Init                             0x08001aa5   Thumb Code    36  mpuiic.o(i.MPU_IIC_Init)
    MPU_IIC_NAck                             0x08001ad1   Thumb Code    62  mpuiic.o(i.MPU_IIC_NAck)
    MPU_IIC_Read_Byte                        0x08001b1d   Thumb Code    98  mpuiic.o(i.MPU_IIC_Read_Byte)
    MPU_IIC_Send_Byte                        0x08001b8d   Thumb Code    88  mpuiic.o(i.MPU_IIC_Send_Byte)
    MPU_IIC_Start                            0x08001bf1   Thumb Code    92  mpuiic.o(i.MPU_IIC_Start)
    MPU_IIC_Stop                             0x08001c59   Thumb Code    60  mpuiic.o(i.MPU_IIC_Stop)
    MPU_IIC_Wait_Ack                         0x08001ca1   Thumb Code    92  mpuiic.o(i.MPU_IIC_Wait_Ack)
    MPU_IICreadByte                          0x08001d09   Thumb Code    22  mpuiic.o(i.MPU_IICreadByte)
    MPU_IICreadBytes                         0x08001d1f   Thumb Code   106  mpuiic.o(i.MPU_IICreadBytes)
    MPU_IICwriteBit                          0x08001d89   Thumb Code    64  mpuiic.o(i.MPU_IICwriteBit)
    MPU_IICwriteBits                         0x08001dc9   Thumb Code   106  mpuiic.o(i.MPU_IICwriteBits)
    MPU_IICwriteByte                         0x08001e33   Thumb Code    20  mpuiic.o(i.MPU_IICwriteByte)
    MPU_IICwriteBytes                        0x08001e47   Thumb Code    74  mpuiic.o(i.MPU_IICwriteBytes)
    MemManage_Handler                        0x08001e91   Thumb Code     4  stm32f10x_it.o(i.MemManage_Handler)
    NMI_Handler                              0x08001e95   Thumb Code     2  stm32f10x_it.o(i.NMI_Handler)
    NVIC_Init                                0x08001e99   Thumb Code   100  misc.o(i.NVIC_Init)
    NVIC_PriorityGroupConfig                 0x08001f09   Thumb Code    10  misc.o(i.NVIC_PriorityGroupConfig)
    OLED_Clear                               0x08001f1d   Thumb Code    42  oled.o(i.OLED_Clear)
    OLED_DrawPoint                           0x08001f4d   Thumb Code   100  oled.o(i.OLED_DrawPoint)
    OLED_Init                                0x08001fb5   Thumb Code   212  oled.o(i.OLED_Init)
    OLED_Refresh_Gram                        0x08002089   Thumb Code    70  oled.o(i.OLED_Refresh_Gram)
    OLED_SPI_Init                            0x080020d5   Thumb Code    68  oled_spi.o(i.OLED_SPI_Init)
    OLED_ShowChar                            0x08002129   Thumb Code   158  oled.o(i.OLED_ShowChar)
    OLED_ShowNumber                          0x080021d1   Thumb Code   148  oled.o(i.OLED_ShowNumber)
    OLED_ShowString                          0x08002265   Thumb Code    68  oled.o(i.OLED_ShowString)
    OLED_WR_Byte                             0x080022a9   Thumb Code    84  oled_spi.o(i.OLED_WR_Byte)
    OpenMV_Byte_Get                          0x08002301   Thumb Code   256  openmv.o(i.OpenMV_Byte_Get)
    PA_PO_Task                               0x080024f5   Thumb Code  1464  gait_task.o(i.PA_PO_Task)
    POS_Adjust                               0x08002ac5   Thumb Code   380  posture_control.o(i.POS_Adjust)
    POS_STAB                                 0x08002c51   Thumb Code   190  posture_control.o(i.POS_STAB)
    PendSV_Handler                           0x08002d35   Thumb Code     2  stm32f10x_it.o(i.PendSV_Handler)
    RCC_APB1PeriphClockCmd                   0x08002d39   Thumb Code    26  stm32f10x_rcc.o(i.RCC_APB1PeriphClockCmd)
    RCC_APB1PeriphResetCmd                   0x08002d59   Thumb Code    26  stm32f10x_rcc.o(i.RCC_APB1PeriphResetCmd)
    RCC_APB2PeriphClockCmd                   0x08002d79   Thumb Code    26  stm32f10x_rcc.o(i.RCC_APB2PeriphClockCmd)
    RCC_APB2PeriphResetCmd                   0x08002d99   Thumb Code    26  stm32f10x_rcc.o(i.RCC_APB2PeriphResetCmd)
    RCC_GetClocksFreq                        0x08002db9   Thumb Code   192  stm32f10x_rcc.o(i.RCC_GetClocksFreq)
    SVC_Handler                              0x08002e8d   Thumb Code     2  stm32f10x_it.o(i.SVC_Handler)
    Scheduler_Run                            0x08002e91   Thumb Code    76  scheduler.o(i.Scheduler_Run)
    Scheduler_Setup                          0x08002ee1   Thumb Code    76  scheduler.o(i.Scheduler_Setup)
    State_Detection                          0x08003019   Thumb Code   324  control.o(i.State_Detection)
    SysTick_CLKSourceConfig                  0x08003181   Thumb Code    40  misc.o(i.SysTick_CLKSourceConfig)
    SysTick_Configuration                    0x080031a9   Thumb Code    96  time.o(i.SysTick_Configuration)
    SysTick_GetTick                          0x08003215   Thumb Code     6  time.o(i.SysTick_GetTick)
    SysTick_Handler                          0x08003221   Thumb Code    18  time.o(i.SysTick_Handler)
    SystemInit                               0x08003239   Thumb Code    78  system_stm32f10x.o(i.SystemInit)
    TIM1_UP_IRQHandler                       0x08003299   Thumb Code    20  control.o(i.TIM1_UP_IRQHandler)
    TIM2_PWM_Init                            0x080032b1   Thumb Code   200  pwm.o(i.TIM2_PWM_Init)
    TIM3_PWM_Init                            0x0800337d   Thumb Code   218  pwm.o(i.TIM3_PWM_Init)
    TIM4_PWM_Init                            0x08003465   Thumb Code   194  pwm.o(i.TIM4_PWM_Init)
    TIM_ARRPreloadConfig                     0x08003531   Thumb Code    24  stm32f10x_tim.o(i.TIM_ARRPreloadConfig)
    TIM_CONF                                 0x08003549   Thumb Code    90  time.o(i.TIM_CONF)
    TIM_ClearFlag                            0x080035a9   Thumb Code     6  stm32f10x_tim.o(i.TIM_ClearFlag)
    TIM_ClearITPendingBit                    0x080035af   Thumb Code     6  stm32f10x_tim.o(i.TIM_ClearITPendingBit)
    TIM_Cmd                                  0x080035b5   Thumb Code    24  stm32f10x_tim.o(i.TIM_Cmd)
    TIM_CtrlPWMOutputs                       0x080035cd   Thumb Code    30  stm32f10x_tim.o(i.TIM_CtrlPWMOutputs)
    TIM_DeInit                               0x080035ed   Thumb Code   424  stm32f10x_tim.o(i.TIM_DeInit)
    TIM_GetITStatus                          0x080037d5   Thumb Code    34  stm32f10x_tim.o(i.TIM_GetITStatus)
    TIM_INIT                                 0x080037f7   Thumb Code    20  time.o(i.TIM_INIT)
    TIM_ITConfig                             0x0800380b   Thumb Code    18  stm32f10x_tim.o(i.TIM_ITConfig)
    TIM_NVIC                                 0x0800381d   Thumb Code    32  time.o(i.TIM_NVIC)
    TIM_OC1Init                              0x0800383d   Thumb Code   132  stm32f10x_tim.o(i.TIM_OC1Init)
    TIM_OC1PreloadConfig                     0x080038d5   Thumb Code    18  stm32f10x_tim.o(i.TIM_OC1PreloadConfig)
    TIM_OC2Init                              0x080038e9   Thumb Code   154  stm32f10x_tim.o(i.TIM_OC2Init)
    TIM_OC2PreloadConfig                     0x0800398d   Thumb Code    26  stm32f10x_tim.o(i.TIM_OC2PreloadConfig)
    TIM_OC3Init                              0x080039a9   Thumb Code   150  stm32f10x_tim.o(i.TIM_OC3Init)
    TIM_OC3PreloadConfig                     0x08003a49   Thumb Code    18  stm32f10x_tim.o(i.TIM_OC3PreloadConfig)
    TIM_OC4Init                              0x08003a5d   Thumb Code   114  stm32f10x_tim.o(i.TIM_OC4Init)
    TIM_OC4PreloadConfig                     0x08003ad9   Thumb Code    26  stm32f10x_tim.o(i.TIM_OC4PreloadConfig)
    TIM_SetCompare1                          0x08003af3   Thumb Code     4  stm32f10x_tim.o(i.TIM_SetCompare1)
    TIM_SetCompare2                          0x08003af7   Thumb Code     4  stm32f10x_tim.o(i.TIM_SetCompare2)
    TIM_SetCompare3                          0x08003afb   Thumb Code     4  stm32f10x_tim.o(i.TIM_SetCompare3)
    TIM_SetCompare4                          0x08003aff   Thumb Code     6  stm32f10x_tim.o(i.TIM_SetCompare4)
    TIM_TimeBaseInit                         0x08003b05   Thumb Code   122  stm32f10x_tim.o(i.TIM_TimeBaseInit)
    Turn_Left_Task                           0x08003ba9   Thumb Code   162  gait_task.o(i.Turn_Left_Task)
    Turn_Right_Task                          0x08003c69   Thumb Code   162  gait_task.o(i.Turn_Right_Task)
    USART1_IRQHandler                        0x08003d29   Thumb Code   114  usart.o(i.USART1_IRQHandler)
    USART3_IRQHandler                        0x08003db1   Thumb Code   132  usart3.o(i.USART3_IRQHandler)
    USART_ClearITPendingBit                  0x08003e49   Thumb Code    30  stm32f10x_usart.o(i.USART_ClearITPendingBit)
    USART_Cmd                                0x08003e67   Thumb Code    24  stm32f10x_usart.o(i.USART_Cmd)
    USART_GetFlagStatus                      0x08003e7f   Thumb Code    26  stm32f10x_usart.o(i.USART_GetFlagStatus)
    USART_GetITStatus                        0x08003e99   Thumb Code    84  stm32f10x_usart.o(i.USART_GetITStatus)
    USART_ITConfig                           0x08003eed   Thumb Code    74  stm32f10x_usart.o(i.USART_ITConfig)
    USART_Init                               0x08003f39   Thumb Code   210  stm32f10x_usart.o(i.USART_Init)
    USART_ReceiveData                        0x08004011   Thumb Code    10  stm32f10x_usart.o(i.USART_ReceiveData)
    USART_SendData                           0x0800401b   Thumb Code     8  stm32f10x_usart.o(i.USART_SendData)
    Uart1_Put_Buf                            0x08004025   Thumb Code    62  usart.o(i.Uart1_Put_Buf)
    UsageFault_Handler                       0x08004071   Thumb Code     4  stm32f10x_it.o(i.UsageFault_Handler)
    Usart3_Init                              0x08004075   Thumb Code   176  usart3.o(i.Usart3_Init)
    __0printf$5                              0x08004131   Thumb Code    22  printf5.o(i.__0printf$5)
    __1printf$5                              0x08004131   Thumb Code     0  printf5.o(i.__0printf$5)
    __2printf                                0x08004131   Thumb Code     0  printf5.o(i.__0printf$5)
    __ARM_fpclassify                         0x08004151   Thumb Code    40  fpclassify.o(i.__ARM_fpclassify)
    __ieee754_rem_pio2                       0x08004179   Thumb Code   828  rred.o(i.__ieee754_rem_pio2)
    __kernel_cos                             0x08004501   Thumb Code   230  cos_i.o(i.__kernel_cos)
    __kernel_poly                            0x080045fd   Thumb Code   170  poly.o(i.__kernel_poly)
    __kernel_sin                             0x080046a9   Thumb Code   224  sin_i.o(i.__kernel_sin)
    __mathlib_dbl_infnan                     0x08004795   Thumb Code     6  dunder.o(i.__mathlib_dbl_infnan)
    __mathlib_dbl_infnan2                    0x0800479b   Thumb Code     4  dunder.o(i.__mathlib_dbl_infnan2)
    __mathlib_dbl_invalid                    0x0800479f   Thumb Code    12  dunder.o(i.__mathlib_dbl_invalid)
    __mathlib_dbl_underflow                  0x080047ad   Thumb Code    10  dunder.o(i.__mathlib_dbl_underflow)
    __scatterload_copy                       0x080047bd   Thumb Code    14  handlers.o(i.__scatterload_copy)
    __scatterload_null                       0x080047cb   Thumb Code     2  handlers.o(i.__scatterload_null)
    __scatterload_zeroinit                   0x080047cd   Thumb Code    14  handlers.o(i.__scatterload_zeroinit)
    __set_errno                              0x080047dd   Thumb Code     6  errno.o(i.__set_errno)
    acos                                     0x08004aa9   Thumb Code   574  acos.o(i.acos)
    atan                                     0x08004d25   Thumb Code   474  atan.o(i.atan)
    atan2                                    0x08004f45   Thumb Code   346  atan2.o(i.atan2)
    caculate                                 0x080050c5   Thumb Code  2836  calculate.o(i.caculate)
    cal_ges                                  0x08005bf1   Thumb Code  4680  posture_control.o(i.cal_ges)
    contorl_1_leg                            0x08006e41   Thumb Code    10  gait.o(i.contorl_1_leg)
    contorl_2_leg                            0x08006e51   Thumb Code    10  gait.o(i.contorl_2_leg)
    contorl_3_leg                            0x08006e61   Thumb Code    10  gait.o(i.contorl_3_leg)
    contorl_4_leg                            0x08006e71   Thumb Code    10  gait.o(i.contorl_4_leg)
    cos                                      0x08006e81   Thumb Code   148  cos.o(i.cos)
    data_config                              0x08006f1d   Thumb Code   268  config.o(i.data_config)
    fputc                                    0x080070e1   Thumb Code    32  usart.o(i.fputc)
    init_config                              0x08007105   Thumb Code    56  config.o(i.init_config)
    main                                     0x08007141   Thumb Code    16  main.o(i.main)
    my_pows                                  0x08007151   Thumb Code    22  my_math.o(i.my_pows)
    oled_show                                0x08007169   Thumb Code   246  show.o(i.oled_show)
    position                                 0x0800728d   Thumb Code   870  servo.o(i.position)
    pwm_servo_init                           0x08007609   Thumb Code    34  servo.o(i.pwm_servo_init)
    servo_output                             0x0800762d   Thumb Code   420  calculate.o(i.servo_output)
    sin                                      0x080077dd   Thumb Code   150  sin.o(i.sin)
    sqrt                                     0x0800787d   Thumb Code    76  sqrt.o(i.sqrt)
    stand                                    0x080078c9   Thumb Code    60  gait.o(i.stand)
    sys_time                                 0x0800790d   Thumb Code    12  time.o(i.sys_time)
    trot_XZ                                  0x0800791d   Thumb Code  5748  gait.o(i.trot_XZ)
    trot_YZ                                  0x08008fcd   Thumb Code  2650  gait.o(i.trot_YZ)
    uart_init                                0x08009a55   Thumb Code   152  usart.o(i.uart_init)
    walk_XZ                                  0x08009af5   Thumb Code  3568  gait.o(i.walk_XZ)
    walk_YZ                                  0x0800a90d   Thumb Code  3580  gait.o(i.walk_YZ)
    oled_asc2_1206                           0x0800b734   Data        1140  oled.o(.constdata)
    oled_asc2_1608                           0x0800bba8   Data        1520  oled.o(.constdata)
    __mathlib_zero                           0x0800c2b0   Data           8  qnan.o(.constdata)
    Region$$Table$$Base                      0x0800c3a8   Number         0  anon$$obj.o(Region$$Table)
    Region$$Table$$Limit                     0x0800c3c8   Number         0  anon$$obj.o(Region$$Table)
    SystemCoreClock                          0x20000000   Data           4  system_stm32f10x.o(.data)
    AHBPrescTable                            0x20000004   Data          16  system_stm32f10x.o(.data)
    Dog_ROL                                  0x20000028   Data           2  filter.o(.data)
    Dog_PIT                                  0x2000002a   Data           2  filter.o(.data)
    K1_X                                     0x2000002c   Data           4  filter.o(.data)
    angle_X                                  0x20000030   Data           4  filter.o(.data)
    angle_dot_X                              0x20000034   Data           4  filter.o(.data)
    Q_angle_X                                0x20000038   Data           4  filter.o(.data)
    Q_gyro_X                                 0x2000003c   Data           4  filter.o(.data)
    R_angle_X                                0x20000040   Data           4  filter.o(.data)
    dt_X                                     0x20000044   Data           4  filter.o(.data)
    C_0_X                                    0x20000048   Data           1  filter.o(.data)
    Q_bias_X                                 0x2000004c   Data           4  filter.o(.data)
    Angle_err_X                              0x20000050   Data           4  filter.o(.data)
    PCt_0_X                                  0x20000054   Data           4  filter.o(.data)
    PCt_1_X                                  0x20000058   Data           4  filter.o(.data)
    E_X                                      0x2000005c   Data           4  filter.o(.data)
    K_0_X                                    0x20000060   Data           4  filter.o(.data)
    K_1_X                                    0x20000064   Data           4  filter.o(.data)
    t_0_X                                    0x20000068   Data           4  filter.o(.data)
    t_1_X                                    0x2000006c   Data           4  filter.o(.data)
    PP_X                                     0x20000070   Data          16  filter.o(.data)
    K1_Y                                     0x20000080   Data           4  filter.o(.data)
    angle_Y                                  0x20000084   Data           4  filter.o(.data)
    angle_dot_Y                              0x20000088   Data           4  filter.o(.data)
    Q_angle_Y                                0x2000008c   Data           4  filter.o(.data)
    Q_gyro_Y                                 0x20000090   Data           4  filter.o(.data)
    R_angle_Y                                0x20000094   Data           4  filter.o(.data)
    dt_Y                                     0x20000098   Data           4  filter.o(.data)
    C_0_Y                                    0x2000009c   Data           1  filter.o(.data)
    Q_bias_Y                                 0x200000a0   Data           4  filter.o(.data)
    Angle_err_Y                              0x200000a4   Data           4  filter.o(.data)
    PCt_0_Y                                  0x200000a8   Data           4  filter.o(.data)
    PCt_1_Y                                  0x200000ac   Data           4  filter.o(.data)
    E_Y                                      0x200000b0   Data           4  filter.o(.data)
    K_0_Y                                    0x200000b4   Data           4  filter.o(.data)
    K_1_Y                                    0x200000b8   Data           4  filter.o(.data)
    t_0_Y                                    0x200000bc   Data           4  filter.o(.data)
    t_1_Y                                    0x200000c0   Data           4  filter.o(.data)
    PP_Y                                     0x200000c4   Data          16  filter.o(.data)
    K1_Z                                     0x200000d4   Data           4  filter.o(.data)
    angle_Z                                  0x200000d8   Data           4  filter.o(.data)
    angle_dot_Z                              0x200000dc   Data           4  filter.o(.data)
    Q_angle_Z                                0x200000e0   Data           4  filter.o(.data)
    Q_gyro_Z                                 0x200000e4   Data           4  filter.o(.data)
    R_angle_Z                                0x200000e8   Data           4  filter.o(.data)
    dt_Z                                     0x200000ec   Data           4  filter.o(.data)
    C_0_Z                                    0x200000f0   Data           1  filter.o(.data)
    Q_bias_Z                                 0x200000f4   Data           4  filter.o(.data)
    Angle_err_Z                              0x200000f8   Data           4  filter.o(.data)
    PCt_0_Z                                  0x200000fc   Data           4  filter.o(.data)
    PCt_1_Z                                  0x20000100   Data           4  filter.o(.data)
    E_Z                                      0x20000104   Data           4  filter.o(.data)
    K_0_Z                                    0x20000108   Data           4  filter.o(.data)
    K_1_Z                                    0x2000010c   Data           4  filter.o(.data)
    t_0_Z                                    0x20000110   Data           4  filter.o(.data)
    t_1_Z                                    0x20000114   Data           4  filter.o(.data)
    PP_Z                                     0x20000118   Data          16  filter.o(.data)
    offline_check_time                       0x20000128   Data           2  openmv.o(.data)
    sum_angle                                0x2000012a   Data           2  openmv.o(.data)
    sum_deviation                            0x2000012c   Data           2  openmv.o(.data)
    opmv_t                                   0x2000012e   Data           2  openmv.o(.data)
    sysTickUptime                            0x20000134   Data           4  time.o(.data)
    systime_ms                               0x20000138   Data           4  time.o(.data)
    USART1_com_data                          0x2000013c   Data           1  usart.o(.data)
    OPENMV_com_data                          0x2000013f   Data           1  usart3.o(.data)
    prep_time                                0x20000144   Data           4  config.o(.data)
    launch_time                              0x20000148   Data           4  config.o(.data)
    fall_time                                0x2000014c   Data           4  config.o(.data)
    stance_height                            0x20000150   Data           4  config.o(.data)
    jump_extension                           0x20000154   Data           4  config.o(.data)
    fall_extension                           0x20000158   Data           4  config.o(.data)
    x_jump                                   0x2000015c   Data           4  config.o(.data)
    IMU_ROL_Kp_G                             0x20000160   Data           4  config.o(.data)
    IMU_PIT_Kp_G                             0x20000164   Data           4  config.o(.data)
    IMU_POSX_12_Kp_G                         0x20000168   Data           4  config.o(.data)
    IMU_POSX_34_Kp_G                         0x2000016c   Data           4  config.o(.data)
    OPENMV_Angle_Kp_G                        0x20000170   Data           4  config.o(.data)
    OPENMV_Deviation_Kp_G                    0x20000174   Data           4  config.o(.data)
    init_head_servo                          0x20000178   Data           4  config.o(.data)
    pit_max_ang                              0x2000017c   Data           1  config.o(.data)
    rol_max_ang                              0x2000017d   Data           1  config.o(.data)
    PA_PO_FLAG                               0x2000017e   Data           1  config.o(.data)
    PA_PO_Status_TIMES                       0x2000017f   Data           1  config.o(.data)
    Turn_Left_FLAG                           0x20000180   Data           1  config.o(.data)
    Turn_Left_Status_TIMES                   0x20000181   Data           1  config.o(.data)
    Turn_Right_FLAG                          0x20000182   Data           1  config.o(.data)
    Turn_Right_Status_TIMES                  0x20000183   Data           1  config.o(.data)
    opmv_sta_times                           0x20000184   Data           1  control.o(.data)
    Turn_Left_Right_TIMES                    0x20000185   Data           1  control.o(.data)
    sigma                                    0x20000188   Data           4  gait.o(.data)
    zep                                      0x2000018c   Data           4  gait.o(.data)
    zep_1                                    0x20000190   Data           4  gait.o(.data)
    zep_2                                    0x20000194   Data           4  gait.o(.data)
    zep_3                                    0x20000198   Data           4  gait.o(.data)
    zep_4                                    0x2000019c   Data           4  gait.o(.data)
    xep_b                                    0x200001a0   Data           4  gait.o(.data)
    xep_z                                    0x200001a4   Data           4  gait.o(.data)
    xep_z1                                   0x200001a8   Data           4  gait.o(.data)
    xep_z2                                   0x200001ac   Data           4  gait.o(.data)
    xep_z3                                   0x200001b0   Data           4  gait.o(.data)
    yep_b                                    0x200001b4   Data           4  gait.o(.data)
    yep_z                                    0x200001b8   Data           4  gait.o(.data)
    yep_z1                                   0x200001bc   Data           4  gait.o(.data)
    yep_z2                                   0x200001c0   Data           4  gait.o(.data)
    yep_z3                                   0x200001c4   Data           4  gait.o(.data)
    xep_b_1                                  0x200001c8   Data           4  gait.o(.data)
    xep_b_2                                  0x200001cc   Data           4  gait.o(.data)
    xep_z_1                                  0x200001d0   Data           4  gait.o(.data)
    xep_z_2                                  0x200001d4   Data           4  gait.o(.data)
    xep_b_3                                  0x200001d8   Data           4  gait.o(.data)
    xep_b_4                                  0x200001dc   Data           4  gait.o(.data)
    xep_z_3                                  0x200001e0   Data           4  gait.o(.data)
    xep_z_4                                  0x200001e4   Data           4  gait.o(.data)
    yep_b_1                                  0x200001e8   Data           4  gait.o(.data)
    yep_b_2                                  0x200001ec   Data           4  gait.o(.data)
    yep_z_1                                  0x200001f0   Data           4  gait.o(.data)
    yep_z_2                                  0x200001f4   Data           4  gait.o(.data)
    yep_b_3                                  0x200001f8   Data           4  gait.o(.data)
    yep_b_4                                  0x200001fc   Data           4  gait.o(.data)
    yep_z_3                                  0x20000200   Data           4  gait.o(.data)
    yep_z_4                                  0x20000204   Data           4  gait.o(.data)
    PIT_S                                    0x20000208   Data           4  posture_control.o(.data)
    ROL_S                                    0x2000020c   Data           4  posture_control.o(.data)
    POS_X_S                                  0x20000210   Data           4  posture_control.o(.data)
    POS_Z_S                                  0x20000214   Data           4  posture_control.o(.data)
    Cal_Ges_ROL                              0x20000218   Data           2  posture_control.o(.data)
    Cal_Ges_PIT                              0x2000021a   Data           2  posture_control.o(.data)
    a                                        0x2000021c   Data           4  scheduler.o(.data)
    b                                        0x20000220   Data           4  scheduler.o(.data)
    __stdout                                 0x20000284   Data           4  stdout.o(.data)
    DataToSend                               0x2000028c   Data         100  dt.o(.bss)
    Pdot_X                                   0x200002f0   Data          16  filter.o(.bss)
    Pdot_Y                                   0x20000300   Data          16  filter.o(.bss)
    Pdot_Z                                   0x20000310   Data          16  filter.o(.bss)
    buffer                                   0x20000320   Data          14  mpu6050.o(.bss)
    OLED_GRAM                                0x2000032e   Data        1024  oled.o(.bss)
    openmv_buf                               0x2000072e   Data          20  openmv.o(.bss)
    opmv                                     0x20000742   Data          26  openmv.o(.bss)
    pos_leg_XYZ                              0x2000095c   Data          48  config.o(.bss)
    trot_leg_XYZ                             0x2000098c   Data          48  config.o(.bss)
    mix_leg_XYZ                              0x200009bc   Data          48  config.o(.bss)
    angle_output                             0x200009ec   Data          48  config.o(.bss)
    leg_rotation_Angle                       0x20000a1c   Data          48  config.o(.bss)
    init_leg_angle                           0x20000a4c   Data          48  config.o(.bss)
    Last_leg_rotation_Angle                  0x20000a7c   Data          48  config.o(.bss)
    Body                                     0x20000aac   Data          36  config.o(.bss)
    Motion                                   0x20000ad0   Data         108  config.o(.bss)
    test_dT_1000hz                           0x20000b3c   Data          12  scheduler.o(.bss)
    test_rT                                  0x20000b48   Data          24  scheduler.o(.bss)
    __initial_sp                             0x20000f60   Data           0  startup_stm32f10x_md.o(STACK)



==============================================================================

Memory Map of the image

  Image Entry point : 0x080000ed

  Load Region LR_IROM1 (Base: 0x08000000, Size: 0x0000c654, Max: 0x00010000, ABSOLUTE, COMPRESSED[0x0000c430])

    Execution Region ER_IROM1 (Base: 0x08000000, Size: 0x0000c3c8, Max: 0x00010000, ABSOLUTE)

    Base Addr    Size         Type   Attr      Idx    E Section Name        Object

    0x08000000   0x000000ec   Data   RO          193    RESET               startup_stm32f10x_md.o
    0x080000ec   0x00000000   Code   RO         4609  * .ARM.Collect$$$$00000000  mc_w.l(entry.o)
    0x080000ec   0x00000004   Code   RO         4944    .ARM.Collect$$$$00000001  mc_w.l(entry2.o)
    0x080000f0   0x00000004   Code   RO         4947    .ARM.Collect$$$$00000004  mc_w.l(entry5.o)
    0x080000f4   0x00000000   Code   RO         4949    .ARM.Collect$$$$00000008  mc_w.l(entry7b.o)
    0x080000f4   0x00000000   Code   RO         4951    .ARM.Collect$$$$0000000A  mc_w.l(entry8b.o)
    0x080000f4   0x00000008   Code   RO         4952    .ARM.Collect$$$$0000000B  mc_w.l(entry9a.o)
    0x080000fc   0x00000000   Code   RO         4954    .ARM.Collect$$$$0000000D  mc_w.l(entry10a.o)
    0x080000fc   0x00000000   Code   RO         4956    .ARM.Collect$$$$0000000F  mc_w.l(entry11a.o)
    0x080000fc   0x00000004   Code   RO         4945    .ARM.Collect$$$$00002712  mc_w.l(entry2.o)
    0x08000100   0x00000024   Code   RO          194    .text               startup_stm32f10x_md.o
    0x08000124   0x000000b0   Code   RO         4877    .text               mf_w.l(fadd.o)
    0x080001d4   0x00000064   Code   RO         4879    .text               mf_w.l(fmul.o)
    0x08000238   0x0000007c   Code   RO         4881    .text               mf_w.l(fdiv.o)
    0x080002b4   0x0000014e   Code   RO         4883    .text               mf_w.l(dadd.o)
    0x08000402   0x000000e4   Code   RO         4885    .text               mf_w.l(dmul.o)
    0x080004e6   0x000000de   Code   RO         4887    .text               mf_w.l(ddiv.o)
    0x080005c4   0x00000012   Code   RO         4889    .text               mf_w.l(fflti.o)
    0x080005d6   0x00000022   Code   RO         4893    .text               mf_w.l(dflti.o)
    0x080005f8   0x00000032   Code   RO         4895    .text               mf_w.l(ffixi.o)
    0x0800062a   0x00000028   Code   RO         4897    .text               mf_w.l(ffixui.o)
    0x08000652   0x00000032   Code   RO         4899    .text               mf_w.l(dfixui.o)
    0x08000684   0x00000026   Code   RO         4901    .text               mf_w.l(f2d.o)
    0x080006aa   0x00000002   PAD
    0x080006ac   0x00000030   Code   RO         4903    .text               mf_w.l(cdcmple.o)
    0x080006dc   0x00000038   Code   RO         4905    .text               mf_w.l(d2f.o)
    0x08000714   0x00000014   Code   RO         4907    .text               mf_w.l(cfcmple.o)
    0x08000728   0x00000014   Code   RO         4909    .text               mf_w.l(cfrcmple.o)
    0x0800073c   0x00000062   Code   RO         4961    .text               mc_w.l(uldiv.o)
    0x0800079e   0x0000001e   Code   RO         4963    .text               mc_w.l(llshl.o)
    0x080007bc   0x00000020   Code   RO         4965    .text               mc_w.l(llushr.o)
    0x080007dc   0x00000024   Code   RO         4967    .text               mc_w.l(llsshr.o)
    0x08000800   0x00000000   Code   RO         4976    .text               mc_w.l(iusefp.o)
    0x08000800   0x0000006e   Code   RO         4977    .text               mf_w.l(fepilogue.o)
    0x0800086e   0x000000ba   Code   RO         4979    .text               mf_w.l(depilogue.o)
    0x08000928   0x0000002e   Code   RO         4981    .text               mf_w.l(dscalb.o)
    0x08000956   0x000000a2   Code   RO         4983    .text               mf_w.l(dsqrt.o)
    0x080009f8   0x00000024   Code   RO         4989    .text               mc_w.l(init.o)
    0x08000a1c   0x0000001a   Code   RO         4991    .text               mf_w.l(dfltui.o)
    0x08000a36   0x0000003e   Code   RO         4993    .text               mf_w.l(dfixi.o)
    0x08000a74   0x00000056   Code   RO         5003    .text               mc_w.l(__dczerorl2.o)
    0x08000aca   0x00000004   Code   RO          119    i.BusFault_Handler  stm32f10x_it.o
    0x08000ace   0x00000002   PAD
    0x08000ad0   0x00000100   Code   RO         4128    i.DOG_CONTROL       control.o
    0x08000bd0   0x000000e8   Code   RO         3192    i.DT_Send03         dt.o
    0x08000cb8   0x00000002   Code   RO          120    i.DebugMon_Handler  stm32f10x_it.o
    0x08000cba   0x00000018   Code   RO         3767    i.Delay_ms          time.o
    0x08000cd2   0x00000018   Code   RO         3768    i.Delay_us          time.o
    0x08000cea   0x00000002   PAD
    0x08000cec   0x0000001c   Code   RO         4240    i.Dog_Start         gait_task.o
    0x08000d08   0x000002d4   Code   RO         3316    i.Filter_Get_Angle  filter.o
    0x08000fdc   0x00000116   Code   RO          266    i.GPIO_Init         stm32f10x_gpio.o
    0x080010f2   0x00000002   PAD
    0x080010f4   0x00000090   Code   RO          268    i.GPIO_PinRemapConfig  stm32f10x_gpio.o
    0x08001184   0x00000040   Code   RO         3769    i.GetSysTime_us     time.o
    0x080011c4   0x000000d4   Code   RO         4129    i.Get_Position      control.o
    0x08001298   0x00000004   Code   RO          121    i.HardFault_Handler  stm32f10x_it.o
    0x0800129c   0x00000284   Code   RO         3317    i.Kalman_Filter_X   filter.o
    0x08001520   0x00000284   Code   RO         3318    i.Kalman_Filter_Y   filter.o
    0x080017a4   0x00000058   Code   RO         3356    i.LED_Init          led.o
    0x080017fc   0x00000044   Code   RO         4419    i.Loop_1000Hz       scheduler.o
    0x08001840   0x00000024   Code   RO         4420    i.Loop_100Hz        scheduler.o
    0x08001864   0x00000002   Code   RO         4421    i.Loop_10Hz         scheduler.o
    0x08001866   0x00000008   Code   RO         4422    i.Loop_200Hz        scheduler.o
    0x0800186e   0x00000002   Code   RO         4423    i.Loop_20Hz         scheduler.o
    0x08001870   0x00000018   Code   RO         4424    i.Loop_2Hz          scheduler.o
    0x08001888   0x00000008   Code   RO         4425    i.Loop_500Hz        scheduler.o
    0x08001890   0x00000002   Code   RO         4426    i.Loop_50Hz         scheduler.o
    0x08001892   0x00000012   Code   RO         3407    i.MPU6050_INT_Disabled  mpu6050.o
    0x080018a4   0x00000054   Code   RO         3408    i.MPU6050_initialize  mpu6050.o
    0x080018f8   0x00000018   Code   RO         3409    i.MPU6050_resetEnabled  mpu6050.o
    0x08001910   0x00000014   Code   RO         3410    i.MPU6050_setClockSource  mpu6050.o
    0x08001924   0x00000014   Code   RO         3411    i.MPU6050_setFullScaleAccelRange  mpu6050.o
    0x08001938   0x00000014   Code   RO         3412    i.MPU6050_setFullScaleGyroRange  mpu6050.o
    0x0800194c   0x00000012   Code   RO         3413    i.MPU6050_setI2CBypassEnabled  mpu6050.o
    0x0800195e   0x00000012   Code   RO         3414    i.MPU6050_setI2CMasterModeEnabled  mpu6050.o
    0x08001970   0x00000012   Code   RO         3415    i.MPU6050_setSleepEnabled  mpu6050.o
    0x08001982   0x00000014   Code   RO         3416    i.MPU6050_set_Gyro_Accel_outRange  mpu6050.o
    0x08001996   0x00000014   Code   RO         3417    i.MPU6050_set_Gyro_DLPF_outRange  mpu6050.o
    0x080019aa   0x00000010   Code   RO         3418    i.MPU6050_set_SMPRT_DIV  mpu6050.o
    0x080019ba   0x00000002   PAD
    0x080019bc   0x00000050   Code   RO         3419    i.MPU6050_testConnection  mpu6050.o
    0x08001a0c   0x0000004c   Code   RO         3497    i.MPU_I2C_ReadOneByte  mpuiic.o
    0x08001a58   0x0000004c   Code   RO         3498    i.MPU_IIC_Ack       mpuiic.o
    0x08001aa4   0x0000002c   Code   RO         3499    i.MPU_IIC_Init      mpuiic.o
    0x08001ad0   0x0000004c   Code   RO         3500    i.MPU_IIC_NAck      mpuiic.o
    0x08001b1c   0x00000070   Code   RO         3501    i.MPU_IIC_Read_Byte  mpuiic.o
    0x08001b8c   0x00000064   Code   RO         3502    i.MPU_IIC_Send_Byte  mpuiic.o
    0x08001bf0   0x00000068   Code   RO         3503    i.MPU_IIC_Start     mpuiic.o
    0x08001c58   0x00000048   Code   RO         3504    i.MPU_IIC_Stop      mpuiic.o
    0x08001ca0   0x00000068   Code   RO         3505    i.MPU_IIC_Wait_Ack  mpuiic.o
    0x08001d08   0x00000016   Code   RO         3506    i.MPU_IICreadByte   mpuiic.o
    0x08001d1e   0x0000006a   Code   RO         3507    i.MPU_IICreadBytes  mpuiic.o
    0x08001d88   0x00000040   Code   RO         3508    i.MPU_IICwriteBit   mpuiic.o
    0x08001dc8   0x0000006a   Code   RO         3509    i.MPU_IICwriteBits  mpuiic.o
    0x08001e32   0x00000014   Code   RO         3510    i.MPU_IICwriteByte  mpuiic.o
    0x08001e46   0x0000004a   Code   RO         3511    i.MPU_IICwriteBytes  mpuiic.o
    0x08001e90   0x00000004   Code   RO          122    i.MemManage_Handler  stm32f10x_it.o
    0x08001e94   0x00000002   Code   RO          123    i.NMI_Handler       stm32f10x_it.o
    0x08001e96   0x00000002   PAD
    0x08001e98   0x00000070   Code   RO          198    i.NVIC_Init         misc.o
    0x08001f08   0x00000014   Code   RO          199    i.NVIC_PriorityGroupConfig  misc.o
    0x08001f1c   0x00000030   Code   RO         3608    i.OLED_Clear        oled.o
    0x08001f4c   0x00000068   Code   RO         3611    i.OLED_DrawPoint    oled.o
    0x08001fb4   0x000000d4   Code   RO         3612    i.OLED_Init         oled.o
    0x08002088   0x0000004c   Code   RO         3613    i.OLED_Refresh_Gram  oled.o
    0x080020d4   0x00000054   Code   RO         3678    i.OLED_SPI_Init     oled_spi.o
    0x08002128   0x000000a8   Code   RO         3614    i.OLED_ShowChar     oled.o
    0x080021d0   0x00000094   Code   RO         3615    i.OLED_ShowNumber   oled.o
    0x08002264   0x00000044   Code   RO         3616    i.OLED_ShowString   oled.o
    0x080022a8   0x00000058   Code   RO         3679    i.OLED_WR_Byte      oled_spi.o
    0x08002300   0x0000010c   Code   RO         3699    i.OpenMV_Byte_Get   openmv.o
    0x0800240c   0x00000014   Code   RO         3700    i.OpenMV_Check_Reset  openmv.o
    0x08002420   0x000000d4   Code   RO         3701    i.OpenMV_Data_Analysis  openmv.o
    0x080024f4   0x000005d0   Code   RO         4243    i.PA_PO_Task        gait_task.o
    0x08002ac4   0x0000018c   Code   RO         4389    i.POS_Adjust        posture_control.o
    0x08002c50   0x000000e4   Code   RO         4390    i.POS_STAB          posture_control.o
    0x08002d34   0x00000002   Code   RO          124    i.PendSV_Handler    stm32f10x_it.o
    0x08002d36   0x00000002   PAD
    0x08002d38   0x00000020   Code   RO         1791    i.RCC_APB1PeriphClockCmd  stm32f10x_rcc.o
    0x08002d58   0x00000020   Code   RO         1792    i.RCC_APB1PeriphResetCmd  stm32f10x_rcc.o
    0x08002d78   0x00000020   Code   RO         1793    i.RCC_APB2PeriphClockCmd  stm32f10x_rcc.o
    0x08002d98   0x00000020   Code   RO         1794    i.RCC_APB2PeriphResetCmd  stm32f10x_rcc.o
    0x08002db8   0x000000d4   Code   RO         1801    i.RCC_GetClocksFreq  stm32f10x_rcc.o
    0x08002e8c   0x00000002   Code   RO          125    i.SVC_Handler       stm32f10x_it.o
    0x08002e8e   0x00000002   PAD
    0x08002e90   0x00000050   Code   RO         4427    i.Scheduler_Run     scheduler.o
    0x08002ee0   0x00000050   Code   RO         4428    i.Scheduler_Setup   scheduler.o
    0x08002f30   0x00000008   Code   RO            1    i.SetSysClock       system_stm32f10x.o
    0x08002f38   0x000000e0   Code   RO            2    i.SetSysClockTo72   system_stm32f10x.o
    0x08003018   0x00000168   Code   RO         4130    i.State_Detection   control.o
    0x08003180   0x00000028   Code   RO          202    i.SysTick_CLKSourceConfig  misc.o
    0x080031a8   0x0000006c   Code   RO         3771    i.SysTick_Configuration  time.o
    0x08003214   0x0000000c   Code   RO         3772    i.SysTick_GetTick   time.o
    0x08003220   0x00000018   Code   RO         3773    i.SysTick_Handler   time.o
    0x08003238   0x00000060   Code   RO            4    i.SystemInit        system_stm32f10x.o
    0x08003298   0x00000018   Code   RO         4131    i.TIM1_UP_IRQHandler  control.o
    0x080032b0   0x000000cc   Code   RO         3735    i.TIM2_PWM_Init     pwm.o
    0x0800337c   0x000000e8   Code   RO         3736    i.TIM3_PWM_Init     pwm.o
    0x08003464   0x000000cc   Code   RO         3737    i.TIM4_PWM_Init     pwm.o
    0x08003530   0x00000018   Code   RO         2413    i.TIM_ARRPreloadConfig  stm32f10x_tim.o
    0x08003548   0x00000060   Code   RO         3774    i.TIM_CONF          time.o
    0x080035a8   0x00000006   Code   RO         2419    i.TIM_ClearFlag     stm32f10x_tim.o
    0x080035ae   0x00000006   Code   RO         2420    i.TIM_ClearITPendingBit  stm32f10x_tim.o
    0x080035b4   0x00000018   Code   RO         2425    i.TIM_Cmd           stm32f10x_tim.o
    0x080035cc   0x0000001e   Code   RO         2427    i.TIM_CtrlPWMOutputs  stm32f10x_tim.o
    0x080035ea   0x00000002   PAD
    0x080035ec   0x000001e8   Code   RO         2430    i.TIM_DeInit        stm32f10x_tim.o
    0x080037d4   0x00000022   Code   RO         2446    i.TIM_GetITStatus   stm32f10x_tim.o
    0x080037f6   0x00000014   Code   RO         3775    i.TIM_INIT          time.o
    0x0800380a   0x00000012   Code   RO         2450    i.TIM_ITConfig      stm32f10x_tim.o
    0x0800381c   0x00000020   Code   RO         3776    i.TIM_NVIC          time.o
    0x0800383c   0x00000098   Code   RO         2454    i.TIM_OC1Init       stm32f10x_tim.o
    0x080038d4   0x00000012   Code   RO         2457    i.TIM_OC1PreloadConfig  stm32f10x_tim.o
    0x080038e6   0x00000002   PAD
    0x080038e8   0x000000a4   Code   RO         2459    i.TIM_OC2Init       stm32f10x_tim.o
    0x0800398c   0x0000001a   Code   RO         2462    i.TIM_OC2PreloadConfig  stm32f10x_tim.o
    0x080039a6   0x00000002   PAD
    0x080039a8   0x000000a0   Code   RO         2464    i.TIM_OC3Init       stm32f10x_tim.o
    0x08003a48   0x00000012   Code   RO         2467    i.TIM_OC3PreloadConfig  stm32f10x_tim.o
    0x08003a5a   0x00000002   PAD
    0x08003a5c   0x0000007c   Code   RO         2469    i.TIM_OC4Init       stm32f10x_tim.o
    0x08003ad8   0x0000001a   Code   RO         2471    i.TIM_OC4PreloadConfig  stm32f10x_tim.o
    0x08003af2   0x00000004   Code   RO         2486    i.TIM_SetCompare1   stm32f10x_tim.o
    0x08003af6   0x00000004   Code   RO         2487    i.TIM_SetCompare2   stm32f10x_tim.o
    0x08003afa   0x00000004   Code   RO         2488    i.TIM_SetCompare3   stm32f10x_tim.o
    0x08003afe   0x00000006   Code   RO         2489    i.TIM_SetCompare4   stm32f10x_tim.o
    0x08003b04   0x000000a4   Code   RO         2496    i.TIM_TimeBaseInit  stm32f10x_tim.o
    0x08003ba8   0x000000c0   Code   RO         4250    i.Turn_Left_Task    gait_task.o
    0x08003c68   0x000000c0   Code   RO         4251    i.Turn_Right_Task   gait_task.o
    0x08003d28   0x00000088   Code   RO         3849    i.USART1_IRQHandler  usart.o
    0x08003db0   0x00000098   Code   RO         3900    i.USART3_IRQHandler  usart3.o
    0x08003e48   0x0000001e   Code   RO         2958    i.USART_ClearITPendingBit  stm32f10x_usart.o
    0x08003e66   0x00000018   Code   RO         2961    i.USART_Cmd         stm32f10x_usart.o
    0x08003e7e   0x0000001a   Code   RO         2964    i.USART_GetFlagStatus  stm32f10x_usart.o
    0x08003e98   0x00000054   Code   RO         2965    i.USART_GetITStatus  stm32f10x_usart.o
    0x08003eec   0x0000004a   Code   RO         2967    i.USART_ITConfig    stm32f10x_usart.o
    0x08003f36   0x00000002   PAD
    0x08003f38   0x000000d8   Code   RO         2968    i.USART_Init        stm32f10x_usart.o
    0x08004010   0x0000000a   Code   RO         2975    i.USART_ReceiveData  stm32f10x_usart.o
    0x0800401a   0x00000008   Code   RO         2978    i.USART_SendData    stm32f10x_usart.o
    0x08004022   0x00000002   PAD
    0x08004024   0x0000004c   Code   RO         3850    i.Uart1_Put_Buf     usart.o
    0x08004070   0x00000004   Code   RO          126    i.UsageFault_Handler  stm32f10x_it.o
    0x08004074   0x000000bc   Code   RO         3903    i.Usart3_Init       usart3.o
    0x08004130   0x00000020   Code   RO         4749    i.__0printf$5       mc_w.l(printf5.o)
    0x08004150   0x00000028   Code   RO         4928    i.__ARM_fpclassify  m_ws.l(fpclassify.o)
    0x08004178   0x00000388   Code   RO         4933    i.__ieee754_rem_pio2  m_ws.l(rred.o)
    0x08004500   0x000000fc   Code   RO         4911    i.__kernel_cos      m_ws.l(cos_i.o)
    0x080045fc   0x000000aa   Code   RO         4930    i.__kernel_poly     m_ws.l(poly.o)
    0x080046a6   0x00000002   PAD
    0x080046a8   0x000000ec   Code   RO         4938    i.__kernel_sin      m_ws.l(sin_i.o)
    0x08004794   0x00000006   Code   RO         4915    i.__mathlib_dbl_infnan  m_ws.l(dunder.o)
    0x0800479a   0x00000004   Code   RO         4916    i.__mathlib_dbl_infnan2  m_ws.l(dunder.o)
    0x0800479e   0x0000000c   Code   RO         4917    i.__mathlib_dbl_invalid  m_ws.l(dunder.o)
    0x080047aa   0x00000002   PAD
    0x080047ac   0x00000010   Code   RO         4920    i.__mathlib_dbl_underflow  m_ws.l(dunder.o)
    0x080047bc   0x0000000e   Code   RO         4997    i.__scatterload_copy  mc_w.l(handlers.o)
    0x080047ca   0x00000002   Code   RO         4998    i.__scatterload_null  mc_w.l(handlers.o)
    0x080047cc   0x0000000e   Code   RO         4999    i.__scatterload_zeroinit  mc_w.l(handlers.o)
    0x080047da   0x00000002   PAD
    0x080047dc   0x0000000c   Code   RO         4971    i.__set_errno       mc_w.l(errno.o)
    0x080047e8   0x000002c0   Code   RO         4756    i._printf_core      mc_w.l(printf5.o)
    0x08004aa8   0x0000027c   Code   RO         4548    i.acos              m_ws.l(acos.o)
    0x08004d24   0x00000220   Code   RO         4568    i.atan              m_ws.l(atan.o)
    0x08004f44   0x00000180   Code   RO         4578    i.atan2             m_ws.l(atan2.o)
    0x080050c4   0x00000b2c   Code   RO         4097    i.caculate          calculate.o
    0x08005bf0   0x00001250   Code   RO         4391    i.cal_ges           posture_control.o
    0x08006e40   0x00000010   Code   RO         4173    i.contorl_1_leg     gait.o
    0x08006e50   0x00000010   Code   RO         4174    i.contorl_2_leg     gait.o
    0x08006e60   0x00000010   Code   RO         4175    i.contorl_3_leg     gait.o
    0x08006e70   0x00000010   Code   RO         4176    i.contorl_4_leg     gait.o
    0x08006e80   0x0000009c   Code   RO         4586    i.cos               m_ws.l(cos.o)
    0x08006f1c   0x000001c4   Code   RO         4034    i.data_config       config.o
    0x080070e0   0x00000024   Code   RO         3852    i.fputc             usart.o
    0x08007104   0x0000003c   Code   RO         4035    i.init_config       config.o
    0x08007140   0x00000010   Code   RO         4535    i.main              main.o
    0x08007150   0x00000016   Code   RO         4331    i.my_pows           my_math.o
    0x08007166   0x00000002   PAD
    0x08007168   0x00000124   Code   RO         4499    i.oled_show         show.o
    0x0800728c   0x0000037c   Code   RO         4481    i.position          servo.o
    0x08007608   0x00000022   Code   RO         4482    i.pwm_servo_init    servo.o
    0x0800762a   0x00000002   PAD
    0x0800762c   0x000001b0   Code   RO         4099    i.servo_output      calculate.o
    0x080077dc   0x000000a0   Code   RO         4594    i.sin               m_ws.l(sin.o)
    0x0800787c   0x0000004c   Code   RO         4602    i.sqrt              m_ws.l(sqrt.o)
    0x080078c8   0x00000044   Code   RO         4177    i.stand             gait.o
    0x0800790c   0x00000010   Code   RO         3777    i.sys_time          time.o
    0x0800791c   0x000016b0   Code   RO         4178    i.trot_XZ           gait.o
    0x08008fcc   0x00000a88   Code   RO         4179    i.trot_YZ           gait.o
    0x08009a54   0x000000a0   Code   RO         3853    i.uart_init         usart.o
    0x08009af4   0x00000e18   Code   RO         4180    i.walk_XZ           gait.o
    0x0800a90c   0x00000e28   Code   RO         4181    i.walk_YZ           gait.o
    0x0800b734   0x00000a64   Data   RO         3618    .constdata          oled.o
    0x0800c198   0x00000050   Data   RO         4549    .constdata          m_ws.l(acos.o)
    0x0800c1e8   0x00000098   Data   RO         4569    .constdata          m_ws.l(atan.o)
    0x0800c280   0x00000030   Data   RO         4912    .constdata          m_ws.l(cos_i.o)
    0x0800c2b0   0x00000008   Data   RO         4932    .constdata          m_ws.l(qnan.o)
    0x0800c2b8   0x000000c8   Data   RO         4935    .constdata          m_ws.l(rred.o)
    0x0800c380   0x00000028   Data   RO         4939    .constdata          m_ws.l(sin_i.o)
    0x0800c3a8   0x00000020   Data   RO         4995    Region$$Table       anon$$obj.o


    Execution Region RW_IRAM1 (Base: 0x20000000, Size: 0x00000f60, Max: 0x00005000, ABSOLUTE, COMPRESSED[0x00000068])

    Base Addr    Size         Type   Attr      Idx    E Section Name        Object

    0x20000000   0x00000014   Data   RW            5    .data               system_stm32f10x.o
    0x20000014   0x00000014   Data   RW         1821    .data               stm32f10x_rcc.o
    0x20000028   0x00000100   Data   RW         3321    .data               filter.o
    0x20000128   0x0000000a   Data   RW         3704    .data               openmv.o
    0x20000132   0x00000002   PAD
    0x20000134   0x00000008   Data   RW         3778    .data               time.o
    0x2000013c   0x00000003   Data   RW         3855    .data               usart.o
    0x2000013f   0x00000003   Data   RW         3905    .data               usart3.o
    0x20000142   0x00000002   PAD
    0x20000144   0x00000040   Data   RW         4037    .data               config.o
    0x20000184   0x00000002   Data   RW         4134    .data               control.o
    0x20000186   0x00000002   PAD
    0x20000188   0x00000080   Data   RW         4182    .data               gait.o
    0x20000208   0x00000014   Data   RW         4392    .data               posture_control.o
    0x2000021c   0x00000068   Data   RW         4430    .data               scheduler.o
    0x20000284   0x00000004   Data   RW         4958    .data               mc_w.l(stdout.o)
    0x20000288   0x00000004   Data   RW         4972    .data               mc_w.l(errno.o)
    0x2000028c   0x00000064   Zero   RW         3194    .bss                dt.o
    0x200002f0   0x00000030   Zero   RW         3320    .bss                filter.o
    0x20000320   0x0000000e   Zero   RW         3420    .bss                mpu6050.o
    0x2000032e   0x00000400   Zero   RW         3617    .bss                oled.o
    0x2000072e   0x0000002e   Zero   RW         3703    .bss                openmv.o
    0x2000075c   0x00000100   Zero   RW         3854    .bss                usart.o
    0x2000085c   0x00000100   Zero   RW         3904    .bss                usart3.o
    0x2000095c   0x000001e0   Zero   RW         4036    .bss                config.o
    0x20000b3c   0x00000024   Zero   RW         4429    .bss                scheduler.o
    0x20000b60   0x00000400   Zero   RW          191    STACK               startup_stm32f10x_md.o


==============================================================================

Image component sizes


      Code (inc. data)   RO Data    RW Data    ZI Data      Debug   Object Name

      3292         84          0          0          0       1226   calculate.o
       512        188          0         64        480       5657   config.o
       852         62          0          2          0       2391   control.o
         0          0          0          0          0         32   core_cm3.o
       232          6          0          0        100       1173   dt.o
      2012        178          0        256         48       4523   filter.o
     15868        886          0        128          0       6794   gait.o
      1900        158          0          0          0       2352   gait_task.o
        88         12          0          0          0        471   led.o
        16          0          0          0          0        431   main.o
       172         22          0          0          0     205433   misc.o
       376         36          0          0         14       7132   mpu6050.o
      1156         96          0          0          0       9189   mpuiic.o
        22          0          0          0          0        554   my_math.o
       824         26       2660          0       1024       5384   oled.o
       172         20          0          0          0       1087   oled_spi.o
       500         38          0         10         46       3098   openmv.o
      5312        104          0         20          0       2476   posture_control.o
       640         28          0          0          0       2248   pwm.o
       310         32          0        104         36       4911   scheduler.o
       926         38          0          0          0       1588   servo.o
       292         46          0          0          0        496   show.o
        36          8        236          0       1024        792   startup_stm32f10x_md.o
       422          6          0          0          0       2790   stm32f10x_gpio.o
        24          0          0          0          0       3404   stm32f10x_it.o
       340         44          0         20          0       5540   stm32f10x_rcc.o
      1500        156          0          0          0      13247   stm32f10x_tim.o
       472          6          0          0          0       6763   stm32f10x_usart.o
       328         28          0         20          0      50225   system_stm32f10x.o
       420         40          0          8          0      20840   time.o
       408         48          0          3        256       4170   usart.o
       340         32          0          3        256       1756   usart3.o

    ----------------------------------------------------------------------
     39794       2428       2928        644       3284     378173   Object Totals
         0          0         32          0          0          0   (incl. Generated)
        30          0          0          6          0          0   (incl. Padding)

    ----------------------------------------------------------------------

      Code (inc. data)   RO Data    RW Data    ZI Data      Debug   Library Member Name

       636         62         80          0          0        188   acos.o
       544         70        152          0          0        124   atan.o
       384         38          0          0          0        144   atan2.o
       156          8          0          0          0        104   cos.o
       252         22         48          0          0        124   cos_i.o
        38          6          0          0          0        272   dunder.o
        40          0          0          0          0         68   fpclassify.o
       170          0          0          0          0         96   poly.o
         0          0          8          0          0          0   qnan.o
       904         76        200          0          0        140   rred.o
       160         10          0          0          0        108   sin.o
       236         12         40          0          0        128   sin_i.o
        76          0          0          0          0         84   sqrt.o
        86          0          0          0          0          0   __dczerorl2.o
         0          0          0          0          0          0   entry.o
         0          0          0          0          0          0   entry10a.o
         0          0          0          0          0          0   entry11a.o
         8          4          0          0          0          0   entry2.o
         4          0          0          0          0          0   entry5.o
         0          0          0          0          0          0   entry7b.o
         0          0          0          0          0          0   entry8b.o
         8          4          0          0          0          0   entry9a.o
        12          6          0          4          0         68   errno.o
        30          0          0          0          0          0   handlers.o
        36          8          0          0          0         68   init.o
         0          0          0          0          0          0   iusefp.o
        30          0          0          0          0         68   llshl.o
        36          0          0          0          0         68   llsshr.o
        32          0          0          0          0         68   llushr.o
       736         56          0          0          0        184   printf5.o
         0          0          0          4          0          0   stdout.o
        98          0          0          0          0         92   uldiv.o
        48          0          0          0          0         68   cdcmple.o
        20          0          0          0          0         68   cfcmple.o
        20          0          0          0          0         68   cfrcmple.o
        56          0          0          0          0         88   d2f.o
       334          0          0          0          0        148   dadd.o
       222          0          0          0          0        100   ddiv.o
       186          0          0          0          0        176   depilogue.o
        62          0          0          0          0         80   dfixi.o
        50          0          0          0          0         76   dfixui.o
        34          0          0          0          0         76   dflti.o
        26          0          0          0          0         76   dfltui.o
       228          0          0          0          0         96   dmul.o
        46          0          0          0          0         80   dscalb.o
       162          0          0          0          0        100   dsqrt.o
        38          0          0          0          0         68   f2d.o
       176          0          0          0          0        140   fadd.o
       124          0          0          0          0         88   fdiv.o
       110          0          0          0          0        168   fepilogue.o
        50          0          0          0          0         68   ffixi.o
        40          0          0          0          0         68   ffixui.o
        18          0          0          0          0         68   fflti.o
       100          0          0          0          0         76   fmul.o

    ----------------------------------------------------------------------
      6870        382        528          8          0       4240   Library Totals
         8          0          0          0          0          0   (incl. Padding)

    ----------------------------------------------------------------------

      Code (inc. data)   RO Data    RW Data    ZI Data      Debug   Library Name

      3596        304        528          0          0       1580   m_ws.l
      1116         78          0          8          0        616   mc_w.l
      2150          0          0          0          0       2044   mf_w.l

    ----------------------------------------------------------------------
      6870        382        528          8          0       4240   Library Totals

    ----------------------------------------------------------------------

==============================================================================


      Code (inc. data)   RO Data    RW Data    ZI Data      Debug   

     46664       2810       3456        652       3284     372713   Grand Totals
     46664       2810       3456        104       3284     372713   ELF Image Totals (compressed)
     46664       2810       3456        104          0          0   ROM Totals

==============================================================================

    Total RO  Size (Code + RO Data)                50120 (  48.95kB)
    Total RW  Size (RW Data + ZI Data)              3936 (   3.84kB)
    Total ROM Size (Code + RO Data + RW Data)      50224 (  49.05kB)

==============================================================================

